INFO | 2014/08/04 04:27:09 | <Aug 4, 2014 4:27:09 AM IST> <Error> <JDBC> <BEA-001112> <Test "select count(*) from dual" set up for pool "PRIMARY_JTS" failed with exception: "java.sql.SQLException: ORA-02396: exceeded maximum idle time, please connect again
INFO | 2014/08/04 04:27:09 | ".> 
INFO | 2014/08/04 04:27:24 | [GC 4363515K->4272115K(5043392K), 0.1396692 secs]
INFO | 2014/08/04 04:27:41 | [GC 4377331K->4281997K(5039680K), 0.1387569 secs]
INFO | 2014/08/04 04:27:55 | [GC 4387213K->4293717K(5050048K), 0.2164872 secs]
INFO | 2014/08/04 04:27:57 | [GC 4412629K->4299013K(5046720K), 0.0989368 secs]
INFO | 2014/08/04 04:27:58 | [GC 4417925K->4319061K(5051200K), 0.1239990 secs]
INFO | 2014/08/04 04:27:59 | [GC 4446549K->4284109K(5052672K), 0.0543695 secs]
INFO | 2014/08/04 04:28:00 | [GC 4411597K->4299953K(5057216K), 0.0817285 secs]
INFO | 2014/08/04 04:28:02 | [GC 4432753K->4322409K(5053440K), 0.1242299 secs]
INFO | 2014/08/04 04:28:03 | [GC 4455209K->4293697K(5056448K), 0.0631589 secs]
INFO | 2014/08/04 04:28:04 | [GC 4426497K->4297953K(5054208K), 0.0761420 secs]
INFO | 2014/08/04 04:28:06 | [GC 4430753K->4330905K(5046912K), 0.1439404 secs]
INFO | 2014/08/04 04:28:07 | [GC 4459417K->4303305K(5053184K), 0.0844038 secs]
INFO | 2014/08/04 04:28:08 | [GC 4431817K->4296881K(5059136K), 0.0757581 secs]
INFO | 2014/08/04 04:28:10 | [GC 4435057K->4303729K(5056896K), 0.0870031 secs]
INFO | 2014/08/04 04:28:11 | [GC 4441905K->4314969K(5062400K), 0.1055922 secs]
INFO | 2014/08/04 04:28:12 | [GC 4462041K->4291217K(5062464K), 0.0595847 secs]
INFO | 2014/08/04 04:28:14 | [GC 4438289K->4297721K(5065344K), 0.0778277 secs]
INFO | 2014/08/04 04:28:15 | [GC 4448377K->4302457K(5063168K), 0.0850208 secs]
INFO | 2014/08/04 04:28:17 | [GC 4453113K->4326417K(5057792K), 0.1323407 secs]
INFO | 2014/08/04 04:28:19 | [GC 4474641K->4307890K(5063040K), 0.0914771 secs]
INFO | 2014/08/04 04:28:19 | [GC 4456114K->4294562K(5066496K), 0.0696565 secs]
INFO | 2014/08/04 04:28:21 | [GC 4449058K->4300570K(5065856K), 0.0798329 secs]
INFO | 2014/08/04 04:28:23 | [GC 4455066K->4304858K(5071104K), 0.0859599 secs]
INFO | 2014/08/04 04:28:25 | [GC 4466522K->4331802K(5066816K), 0.1362168 secs]
INFO | 2014/08/04 04:28:26 | [GC 4493466K->4319258K(5060544K), 0.1115158 secs]
INFO | 2014/08/04 04:28:27 | [GC 4468762K->4298410K(5063680K), 0.0673950 secs]
INFO | 2014/08/04 04:28:29 | [GC 4447914K->4298858K(5066176K), 0.0754388 secs]
INFO | 2014/08/04 04:28:30 | [GC 4451946K->4303234K(5064768K), 0.0797249 secs]
INFO | 2014/08/04 04:28:32 | [GC 4456322K->4335458K(5053440K), 0.1500545 secs]
INFO | 2014/08/04 04:28:34 | [GC 4479458K->4314946K(5060928K), 0.1018640 secs]
INFO | 2014/08/04 04:28:35 | [GC 4458946K->4287346K(5060800K), 0.0486179 secs]
INFO | 2014/08/04 04:28:36 | [GC 4432882K->4301522K(5061696K), 0.0772638 secs]
INFO | 2014/08/04 04:28:38 | [GC 4447058K->4306890K(5067072K), 0.0857121 secs]
INFO | 2014/08/04 04:28:39 | [GC 4460042K->4322954K(5063936K), 0.1152506 secs]
INFO | 2014/08/04 04:28:41 | [GC 4476106K->4306434K(5067136K), 0.0804416 secs]
INFO | 2014/08/04 04:28:42 | [GC 4460226K->4297434K(5064512K), 0.0692671 secs]
INFO | 2014/08/04 04:28:44 | [GC 4451226K->4302290K(5069824K), 0.0774614 secs]
INFO | 2014/08/04 04:28:45 | [GC 4462226K->4305906K(5067968K), 0.0829463 secs]
INFO | 2014/08/04 04:28:47 | [GC 4465842K->4332650K(5058944K), 0.1380847 secs]
INFO | 2014/08/04 04:28:48 | [GC 4485994K->4316354K(5065600K), 0.1015639 secs]
INFO | 2014/08/04 04:28:50 | [GC 4469698K->4296210K(5066688K), 0.0616179 secs]
INFO | 2014/08/04 04:28:51 | [GC 4451346K->4299906K(5066304K), 0.0732814 secs]
INFO | 2014/08/04 04:28:53 | [GC 4455042K->4304026K(5070144K), 0.0804765 secs]
INFO | 2014/08/04 04:28:55 | [GC 4464282K->4307666K(5067968K), 0.0879883 secs]
INFO | 2014/08/04 04:28:56 | [GC 4467922K->4327410K(5063488K), 0.1253041 secs]
INFO | 2014/08/04 04:28:58 | [GC 4485874K->4313410K(5068160K), 0.0951014 secs]
INFO | 2014/08/04 04:28:59 | [GC 4471874K->4294778K(5069440K), 0.0563661 secs]
INFO | 2014/08/04 04:29:00 | [GC 4456058K->4299722K(5069568K), 0.0728426 secs]
INFO | 2014/08/04 04:29:02 | [GC 4461002K->4303130K(5072640K), 0.0837381 secs]
INFO | 2014/08/04 04:29:04 | [GC 4468698K->4306082K(5070784K), 0.0825228 secs]
INFO | 2014/08/04 04:29:06 | [GC 4471650K->4336850K(5057920K), 0.1478069 secs]
INFO | 2014/08/04 04:29:07 | [GC 4491858K->4328722K(5047872K), 0.1206253 secs]
INFO | 2014/08/04 04:29:09 | [GC 4483730K->4312138K(5067136K), 0.0762144 secs]
INFO | 2014/08/04 04:29:10 | [GC 4466826K->4306794K(5065408K), 0.0722115 secs]
INFO | 2014/08/04 04:29:12 | [GC 4461482K->4310954K(5069696K), 0.0817058 secs]
INFO | 2014/08/04 04:29:13 | [GC 4470762K->4314698K(5067968K), 0.0877464 secs]
INFO | 2014/08/04 04:29:15 | [GC 4474506K->4330666K(5066752K), 0.1188039 secs]
INFO | 2014/08/04 05:43:04 | [GC 4491690K->4332418K(5020544K), 0.1300369 secs]
